// Vitest Snapshot v1, https://vitest.dev/guide/snapshot.html

exports[`route inventory > route -> permission table is reviewed (update the snapshot deliberately) 1`] = `
[
  "DELETE /v1/add-ons/{id} -> catalog.manage",
  "DELETE /v1/brokerages/{id} -> clients.manage",
  "DELETE /v1/clients/{id} -> clients.manage",
  "DELETE /v1/clients/{id}/contacts/{contactId} -> clients.manage",
  "DELETE /v1/clients/{id}/notes/{noteId} -> clients.manage",
  "DELETE /v1/coupons/{id} -> pricing.manage",
  "DELETE /v1/invites/{id} -> invites.manage",
  "DELETE /v1/me/sessions/{id} -> self.manage",
  "DELETE /v1/members/{id} -> members.manage",
  "DELETE /v1/packages/{id} -> catalog.manage",
  "DELETE /v1/price-lists/{id} -> pricing.manage",
  "DELETE /v1/property-types/{id} -> pricing.manage",
  "DELETE /v1/saved-views/{id} -> clients.read",
  "DELETE /v1/services/{id} -> catalog.manage",
  "DELETE /v1/size-bands/{id} -> pricing.manage",
  "DELETE /v1/skills/{id} -> catalog.manage",
  "DELETE /v1/tags/{id} -> clients.manage",
  "DELETE /v1/tax-rates/{id} -> pricing.manage",
  "DELETE /v1/tenant/domains/{id} -> domains.manage",
  "DELETE /v1/territories/{id} -> pricing.manage",
  "DELETE /v1/travel-fee-rules/{id} -> pricing.manage",
  "DELETE /v1/variants/{id} -> catalog.manage",
  "GET    /v1/audit-logs -> audit.read",
  "GET    /v1/brokerages -> clients.read",
  "GET    /v1/brokerages/{id} -> clients.read",
  "GET    /v1/brokerages/{id}/notes -> clients.read",
  "GET    /v1/catalog -> catalog.read",
  "GET    /v1/clients -> clients.read",
  "GET    /v1/clients/{id} -> clients.read",
  "GET    /v1/clients/{id}/contacts -> clients.read",
  "GET    /v1/clients/{id}/duplicates -> clients.read",
  "GET    /v1/clients/{id}/notes -> clients.read",
  "GET    /v1/clients/{id}/timeline -> clients.read",
  "GET    /v1/coupons -> pricing.read",
  "GET    /v1/coupons/lookup/{code} -> pricing.read",
  "GET    /v1/exports/{id} -> self.manage",
  "GET    /v1/imports -> clients.manage",
  "GET    /v1/imports/{id} -> clients.manage",
  "GET    /v1/imports/{id}/error-report -> clients.manage",
  "GET    /v1/invites -> invites.read",
  "GET    /v1/jobs/dead-letter -> jobs.read",
  "GET    /v1/me -> self.manage",
  "GET    /v1/me/sessions -> self.manage",
  "GET    /v1/members -> members.read",
  "GET    /v1/price-lists -> pricing.read",
  "GET    /v1/price-lists/{id} -> pricing.read",
  "GET    /v1/price-rules -> pricing.read",
  "GET    /v1/pricing/catalog -> pricing.read",
  "GET    /v1/property-types -> pricing.read",
  "GET    /v1/saved-views -> clients.read",
  "GET    /v1/size-bands -> pricing.read",
  "GET    /v1/tags -> clients.read",
  "GET    /v1/tax-rates -> pricing.read",
  "GET    /v1/tenant -> tenant.read",
  "GET    /v1/tenant/branding -> branding.read",
  "GET    /v1/tenant/domains -> domains.read",
  "GET    /v1/territories -> pricing.read",
  "GET    /v1/travel-fee-rules -> pricing.read",
  "PATCH  /v1/add-ons/{id} -> catalog.manage",
  "PATCH  /v1/brokerages/{id} -> clients.manage",
  "PATCH  /v1/clients/{id} -> clients.manage",
  "PATCH  /v1/clients/{id}/contacts/{contactId} -> clients.manage",
  "PATCH  /v1/me -> self.manage",
  "PATCH  /v1/members/{id} -> members.manage",
  "PATCH  /v1/packages/{id} -> catalog.manage",
  "PATCH  /v1/price-lists/{id} -> pricing.manage",
  "PATCH  /v1/saved-views/{id} -> clients.read",
  "PATCH  /v1/services/{id} -> catalog.manage",
  "PATCH  /v1/size-bands/{id} -> pricing.manage",
  "PATCH  /v1/tenant -> tenant.update",
  "PATCH  /v1/tenant/branding -> branding.update",
  "PATCH  /v1/territories/{id} -> pricing.manage",
  "PATCH  /v1/variants/{id} -> catalog.manage",
  "POST   /v1/add-ons -> catalog.manage",
  "POST   /v1/add-ons/export -> catalog.read",
  "POST   /v1/brokerages -> clients.manage",
  "POST   /v1/brokerages/export -> clients.read",
  "POST   /v1/brokerages/{id}/notes -> clients.manage",
  "POST   /v1/catalog/starter -> catalog.manage",
  "POST   /v1/clients -> clients.manage",
  "POST   /v1/clients/duplicates/check -> clients.read",
  "POST   /v1/clients/export -> clients.read",
  "POST   /v1/clients/{id}/contacts -> clients.manage",
  "POST   /v1/clients/{id}/merge -> clients.manage",
  "POST   /v1/clients/{id}/notes -> clients.manage",
  "POST   /v1/coupons -> pricing.manage",
  "POST   /v1/coupons/export -> pricing.read",
  "POST   /v1/imports -> clients.manage",
  "POST   /v1/imports/{id}/preview -> clients.manage",
  "POST   /v1/imports/{id}/start -> clients.manage",
  "POST   /v1/invites -> invites.manage",
  "POST   /v1/jobs/dead-letter/{id}/retry -> jobs.retry",
  "POST   /v1/me/password -> self.manage",
  "POST   /v1/me/totp/confirm -> self.manage",
  "POST   /v1/me/totp/disable -> self.manage",
  "POST   /v1/me/totp/setup -> self.manage",
  "POST   /v1/packages -> catalog.manage",
  "POST   /v1/packages/export -> catalog.read",
  "POST   /v1/price-lists -> pricing.manage",
  "POST   /v1/property-types -> pricing.manage",
  "POST   /v1/quotes -> pricing.read",
  "POST   /v1/saved-views -> clients.read",
  "POST   /v1/services -> catalog.manage",
  "POST   /v1/services/export -> catalog.read",
  "POST   /v1/services/{id}/variants -> catalog.manage",
  "POST   /v1/size-bands -> pricing.manage",
  "POST   /v1/skills -> catalog.manage",
  "POST   /v1/tags -> clients.manage",
  "POST   /v1/tax-rates -> pricing.manage",
  "POST   /v1/tenant/branding/logo-upload -> branding.update",
  "POST   /v1/tenant/domains -> domains.manage",
  "POST   /v1/tenant/domains/{id}/verify -> domains.manage",
  "POST   /v1/tenant/onboarding/complete -> tenant.update",
  "POST   /v1/territories -> pricing.manage",
  "POST   /v1/travel-fee-rules -> pricing.manage",
  "PUT    /v1/coupons/{id} -> pricing.manage",
  "PUT    /v1/price-lists/{id}/entries -> pricing.manage",
  "PUT    /v1/price-rules -> pricing.manage",
  "PUT    /v1/tax-rates/{id} -> pricing.manage",
  "PUT    /v1/travel-fee-rules/{id} -> pricing.manage",
]
`;
